###############################################################################
#
# IAR ELF Linker V7.80.1.11864/W32 for ARM                30/Aug/2021  17:33:17
# Copyright 2007-2016 IAR Systems AB.
#
#    Output file  =  
#        C:\Users\dell\Documents\ARM Programlama
#        Kursu\IAR\STM32F0\Projects\4_Button\Debug\Exe\Button.out
#    Map file     =  
#        C:\Users\dell\Documents\ARM Programlama
#        Kursu\IAR\STM32F0\Projects\4_Button\Debug\List\Button.map
#    Command line =  
#        "C:\Users\dell\Documents\ARM Programlama
#        Kursu\IAR\STM32F0\Projects\4_Button\Debug\Obj\button.o"
#        "C:\Users\dell\Documents\ARM Programlama
#        Kursu\IAR\STM32F0\Projects\4_Button\Debug\Obj\io.o"
#        "C:\Users\dell\Documents\ARM Programlama
#        Kursu\IAR\STM32F0\Projects\4_Button\Debug\Obj\lcdm.o"
#        "C:\Users\dell\Documents\ARM Programlama
#        Kursu\IAR\STM32F0\Projects\4_Button\Debug\Obj\main.o"
#        "C:\Users\dell\Documents\ARM Programlama
#        Kursu\IAR\STM32F0\Projects\4_Button\Debug\Obj\startup_stm32f051.o"
#        "C:\Users\dell\Documents\ARM Programlama
#        Kursu\IAR\STM32F0\Projects\4_Button\Debug\Obj\stm32f0xx_gpio.o"
#        "C:\Users\dell\Documents\ARM Programlama
#        Kursu\IAR\STM32F0\Projects\4_Button\Debug\Obj\stm32f0xx_it.o"
#        "C:\Users\dell\Documents\ARM Programlama
#        Kursu\IAR\STM32F0\Projects\4_Button\Debug\Obj\stm32f0xx_misc.o"
#        "C:\Users\dell\Documents\ARM Programlama
#        Kursu\IAR\STM32F0\Projects\4_Button\Debug\Obj\stm32f0xx_rcc.o"
#        "C:\Users\dell\Documents\ARM Programlama
#        Kursu\IAR\STM32F0\Projects\4_Button\Debug\Obj\stm32f0xx_usart.o"
#        "C:\Users\dell\Documents\ARM Programlama
#        Kursu\IAR\STM32F0\Projects\4_Button\Debug\Obj\system.o"
#        "C:\Users\dell\Documents\ARM Programlama
#        Kursu\IAR\STM32F0\Projects\4_Button\Debug\Obj\system_stm32f0xx.o"
#        "C:\Users\dell\Documents\ARM Programlama
#        Kursu\IAR\STM32F0\Projects\4_Button\Debug\Obj\uart.o" -o
#        "C:\Users\dell\Documents\ARM Programlama
#        Kursu\IAR\STM32F0\Projects\4_Button\Debug\Exe\Button.out" --redirect
#        _Printf=_PrintfFull --redirect _Scanf=_ScanfFull --map
#        "C:\Users\dell\Documents\ARM Programlama
#        Kursu\IAR\STM32F0\Projects\4_Button\Debug\List\Button.map" --config
#        "C:\Program Files (x86)\IAR Systems\Embedded Workbench
#        7.5\arm\config\linker\ST\stm32f051x8.icf" --semihosting --entry
#        __iar_program_start --vfe
#
###############################################################################

*******************************************************************************
*** RUNTIME MODEL ATTRIBUTES
***

CppFlavor       = *
__SystemLibrary = DLib


*******************************************************************************
*** PLACEMENT SUMMARY
***

"A0":  place at 0x08000000 { ro section .intvec };
"P1":  place in [from 0x08000000 to 0x0800ffff] { ro };
"P2":  place in [from 0x20000000 to 0x20001fff] { rw, block CSTACK, block HEAP };
initialize by copy { rw };

  Section            Kind        Address    Size  Object
  -------            ----        -------    ----  ------
"A0":                                       0xc0
  .intvec            ro code  0x08000000    0xc0  startup_stm32f051.o [1]
                            - 0x080000c0    0xc0

"P1":                                     0x24f5
  .text              ro code  0x080000c0   0xeb6  xprintffull.o [3]
  .text              ro code  0x08000f76    0x14  strchr.o [5]
  .text              ro code  0x08000f8a    0x10  strlen.o [5]
  .text              ro code  0x08000f9a    0x18  memchr.o [5]
  .text              ro code  0x08000fb2    0x6a  I64DivMod.o [5]
  .text              ro code  0x0800101c    0x5c  ABImemcpy.o [5]
  .text              ro code  0x08001078    0x32  DblCmpLe.o [4]
  .text              ro code  0x080010aa    0x32  DblCmpGe.o [4]
  .text              ro code  0x080010dc    0x80  xdscale.o [4]
  .text              ro code  0x0800115c    0x52  DblToI32.o [4]
  .text              ro code  0x080011ae    0x7e  lz77_init_single.o [5]
  .text              ro code  0x0800122c    0x34  I32ToDbl.o [4]
  .text              ro code  0x08001260   0x1a8  DblAddSub.o [4]
  .text              ro code  0x08001408    0xe0  I32DivModFast.o [5]
  .text              ro code  0x080014e8   0x184  DblMul.o [4]
  .text              ro code  0x0800166c    0xc2  DblDiv.o [4]
  .text              ro code  0x0800172e    0x20  div.o [3]
  .text              ro code  0x0800174e     0x2  startup_stm32f051.o [1]
  .text              ro code  0x08001750     0x2  I64DivZer.o [5]
  .text              ro code  0x08001752     0x2  startup_stm32f051.o [1]
  .text              ro code  0x08001754     0x2  IntDivZer.o [5]
  .text              ro code  0x08001756     0x2  startup_stm32f051.o [1]
  .text              ro code  0x08001758   0x290  stm32f0xx_rcc.o [1]
  .text              ro code  0x080019e8   0x1c4  main.o [1]
  .text              ro code  0x08001bac   0x130  system.o [1]
  .text              ro code  0x08001cdc    0xd8  io.o [1]
  .text              ro code  0x08001db4   0x148  button.o [1]
  .text              ro code  0x08001efc   0x112  uart.o [1]
  .text              ro code  0x0800200e     0x2  startup_stm32f051.o [1]
  .text              ro code  0x08002010    0xa0  stm32f0xx_gpio.o [1]
  .text              ro code  0x080020b0   0x124  stm32f0xx_usart.o [1]
  .text              ro code  0x080021d4    0x3c  vsnprint.o [3]
  .text              ro code  0x08002210   0x164  system_stm32f0xx.o [1]
  .text              ro code  0x08002374    0x3c  startup_stm32f051.o [1]
  .text              ro code  0x080023b0    0x28  data_init.o [5]
  .iar.init_table    const    0x080023d8    0x10  - Linker created -
  .text              ro code  0x080023e8    0x1c  xsnprout.o [3]
  .text              ro code  0x08002404    0x1a  cmain.o [5]
  .text              ro code  0x0800241e     0x4  low_level_init.o [3]
  .text              ro code  0x08002422     0x8  exit.o [3]
  .text              ro code  0x0800242a     0x2  startup_stm32f051.o [1]
  .text              ro code  0x0800242c     0xa  cexit.o [5]
  .text              ro code  0x08002436     0x2  startup_stm32f051.o [1]
  .text              ro code  0x08002438    0x14  exit.o [6]
  .rodata            const    0x0800244c    0x18  system.o [1]
  .rodata            const    0x08002464    0x18  xprintffull.o [3]
  .text              ro code  0x0800247c    0x12  stm32f0xx_it.o [1]
  .text              ro code  0x0800248e     0x2  startup_stm32f051.o [1]
  .rodata            const    0x08002490    0x10  main.o [1]
  .rodata            const    0x080024a0    0x10  main.o [1]
  .rodata            const    0x080024b0    0x10  main.o [1]
  .rodata            const    0x080024c0    0x10  main.o [1]
  .rodata            const    0x080024d0     0xc  main.o [1]
  .rodata            const    0x080024dc     0xc  main.o [1]
  .rodata            const    0x080024e8     0xc  main.o [1]
  .text              ro code  0x080024f4     0xc  cstartup_M.o [5]
  .text              ro code  0x08002500     0x2  startup_stm32f051.o [1]
  .text              ro code  0x08002502     0x2  startup_stm32f051.o [1]
  .text              ro code  0x08002504     0x2  startup_stm32f051.o [1]
  .text              ro code  0x08002506     0x2  startup_stm32f051.o [1]
  .text              ro code  0x08002508     0x2  startup_stm32f051.o [1]
  .text              ro code  0x0800250a     0x2  startup_stm32f051.o [1]
  .text              ro code  0x0800250c     0x2  startup_stm32f051.o [1]
  .text              ro code  0x0800250e     0x2  startup_stm32f051.o [1]
  .text              ro code  0x08002510     0x2  startup_stm32f051.o [1]
  .text              ro code  0x08002512     0x2  startup_stm32f051.o [1]
  .text              ro code  0x08002514     0x2  startup_stm32f051.o [1]
  .text              ro code  0x08002516     0x2  startup_stm32f051.o [1]
  .text              ro code  0x08002518     0x2  startup_stm32f051.o [1]
  .text              ro code  0x0800251a     0x2  startup_stm32f051.o [1]
  .text              ro code  0x0800251c     0x2  startup_stm32f051.o [1]
  .text              ro code  0x0800251e     0x2  startup_stm32f051.o [1]
  .text              ro code  0x08002520     0x2  startup_stm32f051.o [1]
  .text              ro code  0x08002522     0x2  startup_stm32f051.o [1]
  .text              ro code  0x08002524     0x2  startup_stm32f051.o [1]
  .text              ro code  0x08002526     0x2  startup_stm32f051.o [1]
  .text              ro code  0x08002528     0x2  startup_stm32f051.o [1]
  .text              ro code  0x0800252a     0x2  startup_stm32f051.o [1]
  .rodata            const    0x0800252c     0x0  lz77_init_single.o [5]
  Initializer bytes  const    0x0800252c    0x89  <for P2-1>
                            - 0x080025b5  0x24f5

"P2", part 1 of 2:                         0x1d5
  P2-1                        0x20000000   0x1d5  <Init block>
    .data            inited   0x20000000     0x4  button.o [1]
    .data            inited   0x20000004    0x3c  button.o [1]
    .data            inited   0x20000040    0x70  io.o [1]
    .data            inited   0x200000b0    0xa8  io.o [1]
    .data            inited   0x20000158    0x18  io.o [1]
    .data            inited   0x20000170    0x10  stm32f0xx_rcc.o [1]
    .data            inited   0x20000180     0x4  system_stm32f0xx.o [1]
    .data            inited   0x20000184    0x20  uart.o [1]
    .bss             inited   0x200001a4     0x4  button.o [1]
    .bss             inited   0x200001a8     0xc  button.o [1]
    .bss             inited   0x200001b4     0xc  button.o [1]
    .bss             inited   0x200001c0     0x4  main.o [1]
    .bss             inited   0x200001c4     0x4  main.o [1]
    .bss             inited   0x200001c8     0x4  main.o [1]
    .bss             inited   0x200001cc     0x4  system.o [1]
    .bss             inited   0x200001d0     0x4  uart.o [1]
    .bss             inited   0x200001d4     0x1  main.o [1]
                            - 0x200001d5   0x1d5

"P2", part 2 of 2:                         0x800
  CSTACK                      0x200001d8   0x800  <Block>
    CSTACK           uninit   0x200001d8   0x800  <Block tail>
                            - 0x200009d8   0x800


*******************************************************************************
*** INIT TABLE
***

          Address     Size
          -------     ----
Copy/lz77 (__iar_lz77_init_single3)
    1 source range, total size 0x89 (29% of destination):
          0x0800252c   0x89
    1 destination range, total size 0x1d5:
          0x20000000  0x1d5



*******************************************************************************
*** MODULE SUMMARY
***

    Module               ro code  ro data  rw data
    ------               -------  -------  -------
C:\Users\dell\Documents\ARM Programlama Kursu\IAR\STM32F0\Projects\4_Button\Debug\Obj: [1]
    button.o                 328       26       92
    io.o                     216       89      304
    main.o                   452      105       13
    startup_stm32f051.o      310
    stm32f0xx_gpio.o         160
    stm32f0xx_it.o            18
    stm32f0xx_rcc.o          656        5       16
    stm32f0xx_usart.o        292
    system.o                 304       25        4
    system_stm32f0xx.o       356        1        4
    uart.o                   274       10       36
    ----------------------------------------------
    Total:                 3 366      261      469

command line: [2]
    ----------------------------------------------
    Total:

dl6M_tln.a: [3]
    div.o                     32
    exit.o                     8
    low_level_init.o           4
    vsnprint.o                60
    xprintffull.o          3 766       24
    xsnprout.o                28
    ----------------------------------------------
    Total:                 3 898       24

m6M_tl.a: [4]
    DblAddSub.o              424
    DblCmpGe.o                50
    DblCmpLe.o                50
    DblDiv.o                 194
    DblMul.o                 388
    DblToI32.o                82
    I32ToDbl.o                52
    xdscale.o                128
    ----------------------------------------------
    Total:                 1 368

rt6M_tl.a: [5]
    ABImemcpy.o               92
    I32DivModFast.o          224
    I64DivMod.o              106
    I64DivZer.o                2
    IntDivZer.o                2
    cexit.o                   10
    cmain.o                   26
    cstartup_M.o              12
    data_init.o               40
    lz77_init_single.o       126
    memchr.o                  24
    strchr.o                  20
    strlen.o                  16
    ----------------------------------------------
    Total:                   700

shb_l.a: [6]
    exit.o                    20
    ----------------------------------------------
    Total:                    20

    Linker created                     16    2 048
--------------------------------------------------
    Grand Total:           9 352      301    2 517


*******************************************************************************
*** ENTRY LIST
***

Entry                      Address   Size  Type      Object
-----                      -------   ----  ----      ------
.iar.init_table$$Base   0x080023d8          --   Gb  - Linker created -
.iar.init_table$$Limit  0x080023e8          --   Gb  - Linker created -
?main                   0x08002405         Code  Gb  cmain.o [5]
APBAHBPrescTable        0x20000170   0x10  Data  Lc  stm32f0xx_rcc.o [1]
BTN_InitButtons         0x08001ea9   0x20  Code  Gb  button.o [1]
BTN_Scan                0x08001db5   0xf4  Code  Lc  button.o [1]
BTN_ScanButtons         0x08001ec9   0x1c  Code  Gb  button.o [1]
CSTACK$$Base            0x200001d8          --   Gb  - Linker created -
CSTACK$$Limit           0x200009d8          --   Gb  - Linker created -
GPIO_Init               0x08002011   0xa0  Code  Gb  stm32f0xx_gpio.o [1]
HardFault_Handler       0x0800247f    0x4  Code  Gb  stm32f0xx_it.o [1]
IO_Init                 0x08001cdd   0x5a  Code  Gb  io.o [1]
IO_Read                 0x08001d79   0x30  Code  Gb  io.o [1]
IO_Write                0x08001d37   0x42  Code  Gb  io.o [1]
LoadInt                 0x08000689   0x68  Code  Lc  xprintffull.o [3]
NMI_Handler             0x0800247d    0x2  Code  Gb  stm32f0xx_it.o [1]
NVIC_SetPriority        0x08001bad   0x84  Code  Lc  system.o [1]
PendSV_Handler          0x08002485    0x2  Code  Gb  stm32f0xx_it.o [1]
RCC_AHBPeriphClockCmd   0x0800195d   0x20  Code  Gb  stm32f0xx_rcc.o [1]
RCC_APB1PeriphClockCmd  0x0800199d   0x20  Code  Gb  stm32f0xx_rcc.o [1]
RCC_APB2PeriphClockCmd  0x0800197d   0x20  Code  Gb  stm32f0xx_rcc.o [1]
RCC_GetClocksFreq       0x08001759  0x200  Code  Gb  stm32f0xx_rcc.o [1]
Region$$Table$$Base     0x080023d8          --   Gb  - Linker created -
Region$$Table$$Limit    0x080023e8          --   Gb  - Linker created -
SVC_Handler             0x08002483    0x2  Code  Gb  stm32f0xx_it.o [1]
SetSysClock             0x0800227f   0xbe  Code  Lc  system_stm32f0xx.o [1]
SysTick_Config          0x08001c31   0x30  Code  Lc  system.o [1]
SysTick_Handler         0x08002487    0x8  Code  Gb  stm32f0xx_it.o [1]
Sys_ClockInit           0x08001c95   0x14  Code  Gb  system.o [1]
Sys_ClockTick           0x08001c7d   0x12  Code  Gb  system.o [1]
Sys_ConsoleInit         0x08001ca9   0x10  Code  Gb  system.o [1]
Sys_IoInit              0x08001c61   0x1c  Code  Gb  system.o [1]
SystemCoreClock         0x20000180    0x4  Data  Gb  system_stm32f0xx.o [1]
SystemInit              0x08002211   0x6e  Code  Gb  system_stm32f0xx.o [1]
Task_Button             0x08001a85   0xdc  Code  Gb  main.o [1]
Task_Button::count      0x200001c8    0x4  Data  Lc  main.o [1]
Task_LED                0x08001a0b   0x7a  Code  Gb  main.o [1]
Task_LED::state         0x200001d4    0x1  Data  Lc  main.o [1]
Task_LED::t0            0x200001c0    0x4  Data  Lc  main.o [1]
Task_LED::t1            0x200001c4    0x4  Data  Lc  main.o [1]
UART_Init               0x08001efd   0x82  Code  Gb  uart.o [1]
UART_Send2              0x08001f7f   0x2c  Code  Gb  uart.o [1]
UART_printf             0x08001fef   0x20  Code  Gb  uart.o [1]
UART_putch              0x08001fab   0x22  Code  Gb  uart.o [1]
UART_puts               0x08001fd5   0x1a  Code  Gb  uart.o [1]
USART_Cmd               0x0800217b   0x1c  Code  Gb  stm32f0xx_usart.o [1]
USART_GetFlagStatus     0x080021bd   0x18  Code  Gb  stm32f0xx_usart.o [1]
USART_Init              0x080020b1   0xca  Code  Gb  stm32f0xx_usart.o [1]
USART_SendData          0x080021a5    0x8  Code  Gb  stm32f0xx_usart.o [1]
_GPIO_Clocks            0x0800244c   0x18  Data  Lc  system.o [1]
_GPIO_Ports             0x20000158   0x18  Data  Gb  io.o [1]
_GenldFull              0x08000c99  0x2aa  Code  Lc  xprintffull.o [3]
_LdtobFull              0x08000821  0x464  Code  Lc  xprintffull.o [3]
_LitobFull              0x080006f1  0x12a  Code  Lc  xprintffull.o [3]
_PrintfFull             0x080000c1  0x5c8  Code  Gb  xprintffull.o [3]
_PutcharsFull           0x08000f43   0x30  Code  Lc  xprintffull.o [3]
_SNProut                0x080023e9   0x1c  Code  Gb  xsnprout.o [3]
__ICFEDIT_region_RAM_end__ {Abs}
                        0x20001fff         Data  Gb  command line/config [2]
__ICFEDIT_region_RAM_start__ {Abs}
                        0x20000000         Data  Gb  command line/config [2]
__aeabi_cdcmple         0x08001079         Code  Gb  DblCmpLe.o [4]
__aeabi_cdrcmple        0x080010ab         Code  Gb  DblCmpGe.o [4]
__aeabi_d2iz            0x0800115d         Code  Gb  DblToI32.o [4]
__aeabi_d2uiz           0x08001181         Code  Gb  DblToI32.o [4]
__aeabi_ddiv            0x0800166d         Code  Gb  DblDiv.o [4]
__aeabi_dmul            0x080014e9         Code  Gb  DblMul.o [4]
__aeabi_dsub            0x0800131b         Code  Gb  DblAddSub.o [4]
__aeabi_i2d             0x0800122d         Code  Gb  I32ToDbl.o [4]
__aeabi_idiv            0x08001435         Code  Gb  I32DivModFast.o [5]
__aeabi_idiv0           0x08001755         Code  Gb  IntDivZer.o [5]
__aeabi_idivmod         0x08001435         Code  Gb  I32DivModFast.o [5]
__aeabi_ldiv0           0x08001751         Code  Gb  I64DivZer.o [5]
__aeabi_memcpy          0x0800101d         Code  Gb  ABImemcpy.o [5]
__aeabi_ui2d            0x08001241         Code  Gb  I32ToDbl.o [4]
__aeabi_uidiv           0x0800143b         Code  Gb  I32DivModFast.o [5]
__aeabi_uidivmod        0x0800143b         Code  Gb  I32DivModFast.o [5]
__aeabi_uldivmod        0x08000fb3         Code  Gb  I64DivMod.o [5]
__cmain                 0x08002405         Code  Gb  cmain.o [5]
__exit                  0x08002439   0x14  Code  Gb  exit.o [6]
__iar_Dscale            0x080010dd   0x80  Code  Gb  xdscale.o [4]
__iar_Memchr            0x08000f9b   0x18  Code  Gb  memchr.o [5]
__iar_Strchr            0x08000f77   0x14  Code  Gb  strchr.o [5]
__iar_d2uiz             0x08001185         Code  Gb  DblToI32.o [4]
__iar_data_init3        0x080023b1   0x28  Code  Gb  data_init.o [5]
__iar_lz77_init_single3
                        0x080011af   0x7e  Code  Gb  lz77_init_single.o [5]
__iar_program_start     0x080024f5         Code  Gb  cstartup_M.o [5]
__iar_ui2d              0x08001245         Code  Gb  I32ToDbl.o [4]
__low_level_init        0x0800241f    0x4  Code  Gb  low_level_init.o [3]
__vector_table          0x08000000         Data  Gb  startup_stm32f051.o [1]
_bScan                  0x200001a4    0x4  Data  Gb  button.o [1]
_bts                    0x20000004   0x3c  Data  Lc  button.o [1]
_call_main              0x08002411         Code  Gb  cmain.o [5]
_exit                   0x0800242d         Code  Gb  cexit.o [5]
_iom                    0x200000b0   0xa8  Data  Gb  io.o [1]
_ios                    0x20000040   0x70  Data  Gb  io.o [1]
_main                   0x0800241b         Code  Gb  cmain.o [5]
_tmTick                 0x200001cc    0x4  Data  Lc  system.o [1]
_uCfg                   0x20000184   0x20  Data  Lc  uart.o [1]
clock                   0x08001c8f    0x6  Code  Gb  system.o [1]
div                     0x0800172f   0x20  Code  Gb  div.o [3]
exit                    0x08002423    0x8  Code  Gb  exit.o [3]
g_Buttons               0x200001a8    0xc  Data  Gb  button.o [1]
g_ButtonsL              0x200001b4    0xc  Data  Gb  button.o [1]
g_conUART               0x200001d0    0x4  Data  Gb  uart.o [1]
g_dbMax                 0x20000000    0x4  Data  Gb  button.o [1]
init                    0x080019e9   0x22  Code  Gb  main.o [1]
main                    0x08001b61   0x16  Code  Gb  main.o [1]
strlen                  0x08000f8b   0x10  Code  Gb  strlen.o [5]
vsnprintf               0x080021d5   0x3c  Code  Gb  vsnprint.o [3]


[1] = C:\Users\dell\Documents\ARM Programlama Kursu\IAR\STM32F0\Projects\4_Button\Debug\Obj
[2] = command line
[3] = dl6M_tln.a
[4] = m6M_tl.a
[5] = rt6M_tl.a
[6] = shb_l.a

  9 352 bytes of readonly  code memory
    301 bytes of readonly  data memory
  2 517 bytes of readwrite data memory

Errors: none
Warnings: none
