###############################################################################
#
# IAR ELF Linker V7.80.1.11864/W32 for ARM                10/Jul/2021  16:52:42
# Copyright 2007-2016 IAR Systems AB.
#
#    Output file  =  
#        C:\Users\dell\Documents\ARM Programlama
#        Kursu\IAR\STM32F0\Projects\1_DirectIO_F0\Debug\Exe\DirectIO_F0.out
#    Map file     =  
#        C:\Users\dell\Documents\ARM Programlama
#        Kursu\IAR\STM32F0\Projects\1_DirectIO_F0\Debug\List\DirectIO_F0.map
#    Command line =  
#        "C:\Users\dell\Documents\ARM Programlama
#        Kursu\IAR\STM32F0\Projects\1_DirectIO_F0\Debug\Obj\main.o" -o
#        "C:\Users\dell\Documents\ARM Programlama
#        Kursu\IAR\STM32F0\Projects\1_DirectIO_F0\Debug\Exe\DirectIO_F0.out"
#        --redirect _Printf=_PrintfFull --redirect _Scanf=_ScanfFull --map
#        "C:\Users\dell\Documents\ARM Programlama
#        Kursu\IAR\STM32F0\Projects\1_DirectIO_F0\Debug\List\DirectIO_F0.map"
#        --config "C:\Program Files (x86)\IAR Systems\Embedded Workbench
#        7.5\arm\config\linker\ST\stm32f051x8.icf" --semihosting --entry
#        __iar_program_start --vfe
#
###############################################################################

*******************************************************************************
*** RUNTIME MODEL ATTRIBUTES
***

CppFlavor       = *
__SystemLibrary = DLib


*******************************************************************************
*** PLACEMENT SUMMARY
***

"A0":  place at 0x08000000 { ro section .intvec };
"P1":  place in [from 0x08000000 to 0x0800ffff] { ro };
"P2":  place in [from 0x20000000 to 0x20001fff] { rw, block CSTACK, block HEAP };

  Section   Kind        Address   Size  Object
  -------   ----        -------   ----  ------
"A0":                             0x40
  .intvec   ro code  0x08000000   0x40  vector_table_M.o [4]
                   - 0x08000040   0x40

"P1":                             0xdc
  .text     ro code  0x08000040   0x88  main.o [1]
  .text     ro code  0x080000c8   0x1a  cmain.o [4]
  .text     ro code  0x080000e2    0x4  low_level_init.o [3]
  .text     ro code  0x080000e6    0x8  exit.o [3]
  .text     ro code  0x080000ee    0x2  vector_table_M.o [4]
  .text     ro code  0x080000f0    0xa  cexit.o [4]
  .text     ro code  0x080000fc   0x14  exit.o [5]
  .text     ro code  0x08000110    0xc  cstartup_M.o [4]
                   - 0x0800011c   0xdc

"P2":                            0x800
  CSTACK             0x20000000  0x800  <Block>
    CSTACK  uninit   0x20000000  0x800  <Block tail>
                   - 0x20000800  0x800



*******************************************************************************
*** MODULE SUMMARY
***

    Module            ro code  rw data
    ------            -------  -------
C:\Users\dell\Documents\ARM Programlama Kursu\IAR\STM32F0\Projects\1_DirectIO_F0\Debug\Obj: [1]
    main.o                136
    ----------------------------------
    Total:                136

command line: [2]
    ----------------------------------
    Total:

dl6M_tln.a: [3]
    exit.o                  8
    low_level_init.o        4
    ----------------------------------
    Total:                 12

rt6M_tl.a: [4]
    cexit.o                10
    cmain.o                26
    cstartup_M.o           12
    vector_table_M.o       66
    ----------------------------------
    Total:                114

shb_l.a: [5]
    exit.o                 20
    ----------------------------------
    Total:                 20

    Gaps                    2
    Linker created               2 048
--------------------------------------
    Grand Total:          284    2 048


*******************************************************************************
*** ENTRY LIST
***

Entry                    Address  Size  Type      Object
-----                    -------  ----  ----      ------
?main                 0x080000c9        Code  Gb  cmain.o [4]
CSTACK$$Base          0x20000000         --   Gb  - Linker created -
CSTACK$$Limit         0x20000800         --   Gb  - Linker created -
Region$$Table$$Base   0x00000000         --   Gb  - Linker created -
Region$$Table$$Limit  0x00000000         --   Gb  - Linker created -
__ICFEDIT_region_RAM_end__ {Abs}
                      0x20001fff        Data  Gb  command line/config [2]
__ICFEDIT_region_RAM_start__ {Abs}
                      0x20000000        Data  Gb  command line/config [2]
__cmain               0x080000c9        Code  Gb  cmain.o [4]
__exit                0x080000fd  0x14  Code  Gb  exit.o [5]
__iar_program_start   0x08000111        Code  Gb  cstartup_M.o [4]
__low_level_init      0x080000e3   0x4  Code  Gb  low_level_init.o [3]
__vector_table        0x08000000        Data  Gb  vector_table_M.o [4]
_call_main            0x080000d5        Code  Gb  cmain.o [4]
_exit                 0x080000f1        Code  Gb  cexit.o [4]
_main                 0x080000df        Code  Gb  cmain.o [4]
exit                  0x080000e7   0x8  Code  Gb  exit.o [3]
main                  0x08000041  0x6e  Code  Gb  main.o [1]


[1] = C:\Users\dell\Documents\ARM Programlama Kursu\IAR\STM32F0\Projects\1_DirectIO_F0\Debug\Obj
[2] = command line
[3] = dl6M_tln.a
[4] = rt6M_tl.a
[5] = shb_l.a

    284 bytes of readonly  code memory
  2 048 bytes of readwrite data memory

Errors: none
Warnings: none
